Version: 1.4.11 ---------------
1.Bug fix
Fixed to show the name of the guild that left. (In history)

2.Add AddonSetting[Maximum number of history].


Version: 1.4.10 ---------------
1.APIVersion Up 100034


Version: 1.4.6 to 1.4.9 ---------------
1.APIVersion Up 100033

2.Bug fix
Fixed handling of insufficient money.

3.Bug fix
Fixed the handling of donations that could not be made.

4.Add History.


Version: 1.4.5 ---------------
1.APIVersion Up 100032
2.Increased the maximum donation amount.


Version: 1.4.4 ---------------
1.Edit to reselect the originally selected guild.


Version: 1.4.3 ---------------
1.APIVersion Up 100031


Version: 1.4.2 ---------------
1.Add /langXX command.


Version: 1.4.1 ---------------
1.Add Donate Status.


Version: 1.4.0 ---------------
1.Add Weekly.


Version: 1.3.0 ---------------
1.APIVersion Up 100030
2.LibMarify Outside.


Version: 1.2.10 ---------------
1.Bug fix
LibMarify Update.


Version: 1.2.9 ---------------
1.Bug fix
LibMarify Update.


Version: 1.2.7 to 1.2.8 ---------------
1.APIVersion Up 100029


Version: 1.2.6 ---------------
1.APIVersion Up 100029


Version: 1.2.5 ---------------
1.Add AutoSelect.


Version: 1.2.4 ---------------
1.Bug fix
LibMarify Update.


Version: 1.2.3 ---------------
1.Change the message output a little.


Version: 1.2.2 ---------------
1.APIVersion Up 100027


Version: 1.2.1 ---------------
1.Bug fix
Fixed error when opening add-on settings immediately after joining guild.


Version: 1.2.0 ---------------
1.You can now select every day or every seven days.


Version: 1.1.1 ---------------
1.APIVersion Up 100026


Version: 1.1.0 ---------------
1. Add AddonSetting.


Version: 1.0.0 ---------------
1. Initial release.

